05-Jul-2024 13:32:49.290 重大 [http-nio-8080-exec-10329] org.apache.catalina.core.StandardWrapperValve.invoke パス[/2024e]を持つコンテキスト内のサーブレット[jsp]のServlet.service() が例外[[/Slot/shop_buy.jsp] の処理中に行番号 [20] で例外が発生しました。

17: </tr>
18: <%
19: ArrayList<ShopInfoBean> list = (ArrayList<ShopInfoBean>)request.getAttribute("shoplist");
20: Iterator<ShopInfoBean> ite = list.iterator();
21: %>
22: <h1><%=list.get(0)%></h1>
23: //結果の表示


Stacktrace:]が根本的要因と共に投げられました。
	java.lang.NullPointerException
		at org.apache.jsp.Slot.shop_005fbuy_jsp._jspService(shop_005fbuy_jsp.java:138)
		at org.apache.jasper.runtime.HttpJspBase.service(HttpJspBase.java:71)
		at javax.servlet.http.HttpServlet.service(HttpServlet.java:733)
		at org.apache.jasper.servlet.JspServletWrapper.service(JspServletWrapper.java:467)
		at org.apache.jasper.servlet.JspServlet.serviceJspFile(JspServlet.java:378)
		at org.apache.jasper.servlet.JspServlet.service(JspServlet.java:326)
		at javax.servlet.http.HttpServlet.service(HttpServlet.java:733)
		at org.apache.catalina.core.ApplicationFilterChain.internalDoFilter(ApplicationFilterChain.java:227)
		at org.apache.catalina.core.ApplicationFilterChain.doFilter(ApplicationFilterChain.java:162)
		at org.apache.tomcat.websocket.server.WsFilter.doFilter(WsFilter.java:53)
		at org.apache.catalina.core.ApplicationFilterChain.internalDoFilter(ApplicationFilterChain.java:189)
		at org.apache.catalina.core.ApplicationFilterChain.doFilter(ApplicationFilterChain.java:162)
		at org.apache.catalina.core.StandardWrapperValve.invoke(StandardWrapperValve.java:202)
		at org.apache.catalina.core.StandardContextValve.invoke(StandardContextValve.java:97)
		at org.apache.catalina.authenticator.AuthenticatorBase.invoke(AuthenticatorBase.java:542)
		at org.apache.catalina.core.StandardHostValve.invoke(StandardHostValve.java:143)
		at org.apache.catalina.valves.ErrorReportValve.invoke(ErrorReportValve.java:92)
		at org.apache.catalina.valves.AbstractAccessLogValve.invoke(AbstractAccessLogValve.java:687)
		at org.apache.catalina.core.StandardEngineValve.invoke(StandardEngineValve.java:78)
		at org.apache.catalina.connector.CoyoteAdapter.service(CoyoteAdapter.java:357)
		at org.apache.coyote.http11.Http11Processor.service(Http11Processor.java:374)
		at org.apache.coyote.AbstractProcessorLight.process(AbstractProcessorLight.java:65)
		at org.apache.coyote.AbstractProtocol$ConnectionHandler.process(AbstractProtocol.java:893)
		at org.apache.tomcat.util.net.NioEndpoint$SocketProcessor.doRun(NioEndpoint.java:1707)
		at org.apache.tomcat.util.net.SocketProcessorBase.run(SocketProcessorBase.java:49)
		at java.base/java.util.concurrent.ThreadPoolExecutor.runWorker(ThreadPoolExecutor.java:1128)
		at java.base/java.util.concurrent.ThreadPoolExecutor$Worker.run(ThreadPoolExecutor.java:628)
		at org.apache.tomcat.util.threads.TaskThread$WrappingRunnable.run(TaskThread.java:61)
		at java.base/java.lang.Thread.run(Thread.java:829)
05-Jul-2024 13:33:08.683 重大 [http-nio-8080-exec-10332] org.apache.catalina.core.StandardWrapperValve.invoke パス[/2024e]を持つコンテキスト内のサーブレット[jsp]のServlet.service() が例外[[/Slot/shop_buy.jsp] の処理中に行番号 [20] で例外が発生しました。

17: </tr>
18: <%
19: ArrayList<ShopInfoBean> list = (ArrayList<ShopInfoBean>)request.getAttribute("shoplist");
20: Iterator<ShopInfoBean> ite = list.iterator();
21: %>
22: <h1><%=list.get(0)%></h1>
23: //結果の表示


Stacktrace:]が根本的要因と共に投げられました。
	java.lang.NullPointerException
		at org.apache.jsp.Slot.shop_005fbuy_jsp._jspService(shop_005fbuy_jsp.java:138)
		at org.apache.jasper.runtime.HttpJspBase.service(HttpJspBase.java:71)
		at javax.servlet.http.HttpServlet.service(HttpServlet.java:733)
		at org.apache.jasper.servlet.JspServletWrapper.service(JspServletWrapper.java:467)
		at org.apache.jasper.servlet.JspServlet.serviceJspFile(JspServlet.java:378)
		at org.apache.jasper.servlet.JspServlet.service(JspServlet.java:326)
		at javax.servlet.http.HttpServlet.service(HttpServlet.java:733)
		at org.apache.catalina.core.ApplicationFilterChain.internalDoFilter(ApplicationFilterChain.java:227)
		at org.apache.catalina.core.ApplicationFilterChain.doFilter(ApplicationFilterChain.java:162)
		at org.apache.tomcat.websocket.server.WsFilter.doFilter(WsFilter.java:53)
		at org.apache.catalina.core.ApplicationFilterChain.internalDoFilter(ApplicationFilterChain.java:189)
		at org.apache.catalina.core.ApplicationFilterChain.doFilter(ApplicationFilterChain.java:162)
		at org.apache.catalina.core.StandardWrapperValve.invoke(StandardWrapperValve.java:202)
		at org.apache.catalina.core.StandardContextValve.invoke(StandardContextValve.java:97)
		at org.apache.catalina.authenticator.AuthenticatorBase.invoke(AuthenticatorBase.java:542)
		at org.apache.catalina.core.StandardHostValve.invoke(StandardHostValve.java:143)
		at org.apache.catalina.valves.ErrorReportValve.invoke(ErrorReportValve.java:92)
		at org.apache.catalina.valves.AbstractAccessLogValve.invoke(AbstractAccessLogValve.java:687)
		at org.apache.catalina.core.StandardEngineValve.invoke(StandardEngineValve.java:78)
		at org.apache.catalina.connector.CoyoteAdapter.service(CoyoteAdapter.java:357)
		at org.apache.coyote.http11.Http11Processor.service(Http11Processor.java:374)
		at org.apache.coyote.AbstractProcessorLight.process(AbstractProcessorLight.java:65)
		at org.apache.coyote.AbstractProtocol$ConnectionHandler.process(AbstractProtocol.java:893)
		at org.apache.tomcat.util.net.NioEndpoint$SocketProcessor.doRun(NioEndpoint.java:1707)
		at org.apache.tomcat.util.net.SocketProcessorBase.run(SocketProcessorBase.java:49)
		at java.base/java.util.concurrent.ThreadPoolExecutor.runWorker(ThreadPoolExecutor.java:1128)
		at java.base/java.util.concurrent.ThreadPoolExecutor$Worker.run(ThreadPoolExecutor.java:628)
		at org.apache.tomcat.util.threads.TaskThread$WrappingRunnable.run(TaskThread.java:61)
		at java.base/java.lang.Thread.run(Thread.java:829)
05-Jul-2024 13:33:11.015 重大 [http-nio-8080-exec-10326] org.apache.catalina.core.StandardWrapperValve.invoke サーブレット [pnw.Slot.LoginServlet] のServlet.service()が例外を投げました
	java.lang.IllegalStateException: レスポンスをコミットした後でフォワードできません
		at org.apache.catalina.core.ApplicationDispatcher.doForward(ApplicationDispatcher.java:323)
		at org.apache.catalina.core.ApplicationDispatcher.forward(ApplicationDispatcher.java:312)
		at pnw.Slot.LoginServlet.doGet(Unknown Source)
		at javax.servlet.http.HttpServlet.service(HttpServlet.java:626)
		at javax.servlet.http.HttpServlet.service(HttpServlet.java:733)
		at org.apache.catalina.core.ApplicationFilterChain.internalDoFilter(ApplicationFilterChain.java:227)
		at org.apache.catalina.core.ApplicationFilterChain.doFilter(ApplicationFilterChain.java:162)
--
05-Jul-2024 13:55:58.309 重大 [http-nio-8080-exec-10397] org.apache.catalina.core.StandardWrapperValve.invoke パス[/2024e]を持つコンテキスト内のサーブレット[jsp]のServlet.service() が例外[[/Slot/shop_buy.jsp] の処理中に行番号 [20] で例外が発生しました。

17: </tr>
18: <%
19: ArrayList<ShopInfoBean> list = (ArrayList<ShopInfoBean>)request.getAttribute("shoplist");
20: Iterator<ShopInfoBean> ite = list.iterator();
21: %>
22: <h1><%=list.get(0)%></h1>
23: //結果の表示


Stacktrace:]が根本的要因と共に投げられました。
	java.lang.NullPointerException
		at org.apache.jsp.Slot.shop_005fbuy_jsp._jspService(shop_005fbuy_jsp.java:138)
		at org.apache.jasper.runtime.HttpJspBase.service(HttpJspBase.java:71)
		at javax.servlet.http.HttpServlet.service(HttpServlet.java:733)
		at org.apache.jasper.servlet.JspServletWrapper.service(JspServletWrapper.java:467)
		at org.apache.jasper.servlet.JspServlet.serviceJspFile(JspServlet.java:378)
		at org.apache.jasper.servlet.JspServlet.service(JspServlet.java:326)
		at javax.servlet.http.HttpServlet.service(HttpServlet.java:733)
		at org.apache.catalina.core.ApplicationFilterChain.internalDoFilter(ApplicationFilterChain.java:227)
		at org.apache.catalina.core.ApplicationFilterChain.doFilter(ApplicationFilterChain.java:162)
		at org.apache.tomcat.websocket.server.WsFilter.doFilter(WsFilter.java:53)
		at org.apache.catalina.core.ApplicationFilterChain.internalDoFilter(ApplicationFilterChain.java:189)
		at org.apache.catalina.core.ApplicationFilterChain.doFilter(ApplicationFilterChain.java:162)
		at org.apache.catalina.core.StandardWrapperValve.invoke(StandardWrapperValve.java:202)
		at org.apache.catalina.core.StandardContextValve.invoke(StandardContextValve.java:97)
		at org.apache.catalina.authenticator.AuthenticatorBase.invoke(AuthenticatorBase.java:542)
		at org.apache.catalina.core.StandardHostValve.invoke(StandardHostValve.java:143)
		at org.apache.catalina.valves.ErrorReportValve.invoke(ErrorReportValve.java:92)
		at org.apache.catalina.valves.AbstractAccessLogValve.invoke(AbstractAccessLogValve.java:687)
		at org.apache.catalina.core.StandardEngineValve.invoke(StandardEngineValve.java:78)
		at org.apache.catalina.connector.CoyoteAdapter.service(CoyoteAdapter.java:357)
		at org.apache.coyote.http11.Http11Processor.service(Http11Processor.java:374)
		at org.apache.coyote.AbstractProcessorLight.process(AbstractProcessorLight.java:65)
		at org.apache.coyote.AbstractProtocol$ConnectionHandler.process(AbstractProtocol.java:893)
		at org.apache.tomcat.util.net.NioEndpoint$SocketProcessor.doRun(NioEndpoint.java:1707)
		at org.apache.tomcat.util.net.SocketProcessorBase.run(SocketProcessorBase.java:49)
		at java.base/java.util.concurrent.ThreadPoolExecutor.runWorker(ThreadPoolExecutor.java:1128)
		at java.base/java.util.concurrent.ThreadPoolExecutor$Worker.run(ThreadPoolExecutor.java:628)
		at org.apache.tomcat.util.threads.TaskThread$WrappingRunnable.run(TaskThread.java:61)
		at java.base/java.lang.Thread.run(Thread.java:829)
05-Jul-2024 13:56:41.879 重大 [http-nio-8080-exec-10399] org.apache.catalina.core.ApplicationDispatcher.invoke サーブレット [pnw.Slot.LoginServlet] のServlet.service()が例外を投げました
	java.lang.IllegalStateException: レスポンスをコミットした後でフォワードできません
		at org.apache.catalina.core.ApplicationDispatcher.doForward(ApplicationDispatcher.java:323)
		at org.apache.catalina.core.ApplicationDispatcher.forward(ApplicationDispatcher.java:312)
		at pnw.Slot.LoginServlet.doGet(Unknown Source)
		at pnw.Slot.LoginServlet.doPost(Unknown Source)
		at javax.servlet.http.HttpServlet.service(HttpServlet.java:652)
		at javax.servlet.http.HttpServlet.service(HttpServlet.java:733)
		at org.apache.catalina.core.ApplicationFilterChain.internalDoFilter(ApplicationFilterChain.java:227)
--
05-Jul-2024 14:01:41.948 重大 [http-nio-8080-exec-10418] org.apache.catalina.core.StandardWrapperValve.invoke パス[/2024e]を持つコンテキスト内のサーブレット[jsp]のServlet.service() が例外[[/Slot/shop_buy.jsp] の処理中に行番号 [20] で例外が発生しました。

17: </tr>
18: <%
19: ArrayList<ShopInfoBean> list = (ArrayList<ShopInfoBean>)request.getAttribute("shoplist");
20: Iterator<ShopInfoBean> ite = list.iterator();
21: %>
22: <h1><%=list.get(0)%></h1>
23: //結果の表示


Stacktrace:]が根本的要因と共に投げられました。
	java.lang.NullPointerException
		at org.apache.jsp.Slot.shop_005fbuy_jsp._jspService(shop_005fbuy_jsp.java:138)
		at org.apache.jasper.runtime.HttpJspBase.service(HttpJspBase.java:71)
		at javax.servlet.http.HttpServlet.service(HttpServlet.java:733)
		at org.apache.jasper.servlet.JspServletWrapper.service(JspServletWrapper.java:467)
		at org.apache.jasper.servlet.JspServlet.serviceJspFile(JspServlet.java:378)
		at org.apache.jasper.servlet.JspServlet.service(JspServlet.java:326)
		at javax.servlet.http.HttpServlet.service(HttpServlet.java:733)
		at org.apache.catalina.core.ApplicationFilterChain.internalDoFilter(ApplicationFilterChain.java:227)
		at org.apache.catalina.core.ApplicationFilterChain.doFilter(ApplicationFilterChain.java:162)
		at org.apache.tomcat.websocket.server.WsFilter.doFilter(WsFilter.java:53)
		at org.apache.catalina.core.ApplicationFilterChain.internalDoFilter(ApplicationFilterChain.java:189)
		at org.apache.catalina.core.ApplicationFilterChain.doFilter(ApplicationFilterChain.java:162)
		at org.apache.catalina.core.StandardWrapperValve.invoke(StandardWrapperValve.java:202)
		at org.apache.catalina.core.StandardContextValve.invoke(StandardContextValve.java:97)
		at org.apache.catalina.authenticator.AuthenticatorBase.invoke(AuthenticatorBase.java:542)
		at org.apache.catalina.core.StandardHostValve.invoke(StandardHostValve.java:143)
		at org.apache.catalina.valves.ErrorReportValve.invoke(ErrorReportValve.java:92)
		at org.apache.catalina.valves.AbstractAccessLogValve.invoke(AbstractAccessLogValve.java:687)
		at org.apache.catalina.core.StandardEngineValve.invoke(StandardEngineValve.java:78)
		at org.apache.catalina.connector.CoyoteAdapter.service(CoyoteAdapter.java:357)
		at org.apache.coyote.http11.Http11Processor.service(Http11Processor.java:374)
		at org.apache.coyote.AbstractProcessorLight.process(AbstractProcessorLight.java:65)
		at org.apache.coyote.AbstractProtocol$ConnectionHandler.process(AbstractProtocol.java:893)
		at org.apache.tomcat.util.net.NioEndpoint$SocketProcessor.doRun(NioEndpoint.java:1707)
		at org.apache.tomcat.util.net.SocketProcessorBase.run(SocketProcessorBase.java:49)
		at java.base/java.util.concurrent.ThreadPoolExecutor.runWorker(ThreadPoolExecutor.java:1128)
		at java.base/java.util.concurrent.ThreadPoolExecutor$Worker.run(ThreadPoolExecutor.java:628)
		at org.apache.tomcat.util.threads.TaskThread$WrappingRunnable.run(TaskThread.java:61)
		at java.base/java.lang.Thread.run(Thread.java:829)
05-Jul-2024 14:01:42.938 重大 [http-nio-8080-exec-10417] org.apache.catalina.core.StandardWrapperValve.invoke サーブレット [pnw.Slot.LoginServlet] のServlet.service()が例外を投げました
	java.lang.IllegalStateException: レスポンスをコミットした後でフォワードできません
		at org.apache.catalina.core.ApplicationDispatcher.doForward(ApplicationDispatcher.java:323)
		at org.apache.catalina.core.ApplicationDispatcher.forward(ApplicationDispatcher.java:312)
		at pnw.Slot.LoginServlet.doGet(Unknown Source)
		at javax.servlet.http.HttpServlet.service(HttpServlet.java:626)
		at javax.servlet.http.HttpServlet.service(HttpServlet.java:733)
		at org.apache.catalina.core.ApplicationFilterChain.internalDoFilter(ApplicationFilterChain.java:227)
		at org.apache.catalina.core.ApplicationFilterChain.doFilter(ApplicationFilterChain.java:162)
--
05-Jul-2024 14:07:31.798 重大 [http-nio-8080-exec-10444] org.apache.catalina.core.StandardWrapperValve.invoke パス[/2024e]を持つコンテキスト内のサーブレット[jsp]のServlet.service() が例外[[/Slot/shop_buy.jsp] の処理中に行番号 [20] で例外が発生しました。

17: </tr>
18: <%
19: ArrayList<ShopInfoBean> list = (ArrayList<ShopInfoBean>)request.getAttribute("shoplist");
20: Iterator<ShopInfoBean> ite = list.iterator();
21: %>
22: <h1><%=list.get(0)%></h1>
23: //結果の表示


Stacktrace:]が根本的要因と共に投げられました。
	java.lang.NullPointerException
		at org.apache.jsp.Slot.shop_005fbuy_jsp._jspService(shop_005fbuy_jsp.java:138)
		at org.apache.jasper.runtime.HttpJspBase.service(HttpJspBase.java:71)
		at javax.servlet.http.HttpServlet.service(HttpServlet.java:733)
		at org.apache.jasper.servlet.JspServletWrapper.service(JspServletWrapper.java:467)
		at org.apache.jasper.servlet.JspServlet.serviceJspFile(JspServlet.java:378)
		at org.apache.jasper.servlet.JspServlet.service(JspServlet.java:326)
		at javax.servlet.http.HttpServlet.service(HttpServlet.java:733)
		at org.apache.catalina.core.ApplicationFilterChain.internalDoFilter(ApplicationFilterChain.java:227)
		at org.apache.catalina.core.ApplicationFilterChain.doFilter(ApplicationFilterChain.java:162)
		at org.apache.tomcat.websocket.server.WsFilter.doFilter(WsFilter.java:53)
		at org.apache.catalina.core.ApplicationFilterChain.internalDoFilter(ApplicationFilterChain.java:189)
		at org.apache.catalina.core.ApplicationFilterChain.doFilter(ApplicationFilterChain.java:162)
		at org.apache.catalina.core.StandardWrapperValve.invoke(StandardWrapperValve.java:202)
		at org.apache.catalina.core.StandardContextValve.invoke(StandardContextValve.java:97)
		at org.apache.catalina.authenticator.AuthenticatorBase.invoke(AuthenticatorBase.java:542)
		at org.apache.catalina.core.StandardHostValve.invoke(StandardHostValve.java:143)
		at org.apache.catalina.valves.ErrorReportValve.invoke(ErrorReportValve.java:92)
		at org.apache.catalina.valves.AbstractAccessLogValve.invoke(AbstractAccessLogValve.java:687)
		at org.apache.catalina.core.StandardEngineValve.invoke(StandardEngineValve.java:78)
		at org.apache.catalina.connector.CoyoteAdapter.service(CoyoteAdapter.java:357)
		at org.apache.coyote.http11.Http11Processor.service(Http11Processor.java:374)
		at org.apache.coyote.AbstractProcessorLight.process(AbstractProcessorLight.java:65)
		at org.apache.coyote.AbstractProtocol$ConnectionHandler.process(AbstractProtocol.java:893)
		at org.apache.tomcat.util.net.NioEndpoint$SocketProcessor.doRun(NioEndpoint.java:1707)
		at org.apache.tomcat.util.net.SocketProcessorBase.run(SocketProcessorBase.java:49)
		at java.base/java.util.concurrent.ThreadPoolExecutor.runWorker(ThreadPoolExecutor.java:1128)
		at java.base/java.util.concurrent.ThreadPoolExecutor$Worker.run(ThreadPoolExecutor.java:628)
		at org.apache.tomcat.util.threads.TaskThread$WrappingRunnable.run(TaskThread.java:61)
		at java.base/java.lang.Thread.run(Thread.java:829)
05-Jul-2024 14:10:35.202 重大 [http-nio-8080-exec-10453] org.apache.catalina.core.StandardWrapperValve.invoke サーブレット [pnw.Slot.UserEntryServlet] のServlet.service()が例外を投げました
	java.lang.IllegalStateException: レスポンスをコミットした後でフォワードできません
		at org.apache.catalina.core.ApplicationDispatcher.doForward(ApplicationDispatcher.java:323)
		at org.apache.catalina.core.ApplicationDispatcher.forward(ApplicationDispatcher.java:312)
		at pnw.Slot.UserEntryServlet.doPost(Unknown Source)
		at javax.servlet.http.HttpServlet.service(HttpServlet.java:652)
		at javax.servlet.http.HttpServlet.service(HttpServlet.java:733)
		at org.apache.catalina.core.ApplicationFilterChain.internalDoFilter(ApplicationFilterChain.java:227)
		at org.apache.catalina.core.ApplicationFilterChain.doFilter(ApplicationFilterChain.java:162)
